   Compiling statcan-rs v0.1.1 (/home/deji/Documents/Code/comp-audit-suite/stat-can-rs)
warning: variable does not need to be mutable
   --> src/handlers.rs:699:10
    |
699 |     let (mut df, temp_path) =
    |          ----^^
    |          |
    |          help: remove this `mut`
    |
    = note: `#[warn(unused_mut)]` (part of `#[warn(unused)]`) on by default

warning: `statcan-rs` (lib) generated 1 warning (1 duplicate)
warning: unused import: `DataHandler`
 --> tests/ckan_driver_test.rs:1:30
  |
1 | use statcan_rs::{CKANClient, DataHandler, GenericCKANDriver};
  |                              ^^^^^^^^^^^
  |
  = note: `#[warn(unused_imports)]` (part of `#[warn(unused)]`) on by default

warning: `statcan-rs` (lib test) generated 1 warning (run `cargo fix --lib -p statcan-rs --tests` to apply 1 suggestion)
